SPUAssembly v2.0.1r jp.spus -> jp.spub
26    ->    28 | 3   | in <rbx>                  |  2  1  1 
29    ->    38 | 10  | push <0>                  |  0  0  0  0  0  0  0  0  0  0 
39    ->    41 | 3   | pop <rax>                 |  1  1  0 
x     ->     x | 0   | loop:                     | 
42    ->    44 | 3   | dec <rbx>                 | 18  1  1 
45    ->    47 | 3   | push <rax>                |  0  1  0 
48    ->    50 | 3   | push <rax>                |  0  1  0 
51    ->    51 | 1   | mul                       |  7 
52    ->    53 | 2   | out                       |  e  0 
54    ->    55 | 2   | pop                       |  1  0 
56    ->    58 | 3   | inc <rax>                 | 17  1  0 
59    ->    63 | 5   | jm <mondayOnly>           | 16 17  0  0  0 
64    ->    73 | 10  | push <0>                  |  0  0  0  0  0  0  0  0  0  0 
74    ->    76 | 3   | push <rbx>                |  0  1  1 
77    ->    81 | 5   | jne <loop>                | 13 dd ff ff ff 
x     ->     x | 0   | mondayOnly:               | 
