SPUAssembly v2.3.0r donut.spus -> donut.spub
26    ->    35 | 10  | push <32>                 |  0  1  0  0  0  0  0  0 40 40 
36    ->    45 | 10  | push <16>                 |  0  1  0  0  0  0  0  0 30 40 
46    ->    55 | 10  | push <10>                 |  0  1  0  0  0  0  0  0 24 40 
56    ->    65 | 10  | push <35>                 |  0  1  0  0  0  0  0 80 41 40 
66    ->    70 | 5   | call <drawCircle>         | 19 c0  0  0  0 
71    ->    71 | 1   | clrscr                    | 21 
72    ->    81 | 10  | push <32>                 |  0  1  0  0  0  0  0  0 40 40 
82    ->    91 | 10  | push <16>                 |  0  1  0  0  0  0  0  0 30 40 
92    ->   101 | 10  | push <4>                  |  0  1  0  0  0  0  0  0 10 40 
102   ->   111 | 10  | push <42>                 |  0  1  0  0  0  0  0  0 45 40 
112   ->   116 | 5   | call <drawCircle>         | 19 92  0  0  0 
117   ->   117 | 1   | clrscr                    | 21 
118   ->   127 | 10  | push <16>                 |  0  1  0  0  0  0  0  0 30 40 
128   ->   137 | 10  | push <8>                  |  0  1  0  0  0  0  0  0 20 40 
138   ->   147 | 10  | push <2>                  |  0  1  0  0  0  0  0  0  0 40 
148   ->   157 | 10  | push <42>                 |  0  1  0  0  0  0  0  0 45 40 
158   ->   162 | 5   | call <drawCircle>         | 19 64  0  0  0 
163   ->   163 | 1   | clrscr                    | 21 
164   ->   164 | 1   | rend                      | 1c 
165   ->   174 | 10  | push <40>                 |  0  1  0  0  0  0  0  0 44 40 
175   ->   184 | 10  | push <25>                 |  0  1  0  0  0  0  0  0 39 40 
185   ->   194 | 10  | push <4>                  |  0  1  0  0  0  0  0  0 10 40 
195   ->   204 | 10  | push <48>                 |  0  1  0  0  0  0  0  0 48 40 
205   ->   209 | 5   | call <drawCircle>         | 19 35  0  0  0 
210   ->   210 | 1   | clrscr                    | 21 
211   ->   211 | 1   | rend                      | 1c 
212   ->   221 | 10  | push <60>                 |  0  1  0  0  0  0  0  0 4e 40 
222   ->   231 | 10  | push <13>                 |  0  1  0  0  0  0  0  0 2a 40 
232   ->   241 | 10  | push <8>                  |  0  1  0  0  0  0  0  0 20 40 
242   ->   251 | 10  | push <48>                 |  0  1  0  0  0  0  0  0 48 40 
252   ->   256 | 5   | call <drawCircle>         | 19  6  0  0  0 
257   ->   257 | 1   | hlt                       |  d 
x     ->     x | 0   | drawCircle:               | 
258   ->   267 | 10  | pop <[2]>                 |  1  5  0  0  0  0  0  0  0 40 
268   ->   270 | 3   | pop <rcx>                 |  1  2  2 
271   ->   273 | 3   | pop <rbx>                 |  1  2  1 
274   ->   276 | 3   | pop <rax>                 |  1  2  0 
277   ->   288 | 12  | mov <rdx><0>              | 1b  2  3  1  0  0  0  0  0  0  0  0 
x     ->     x | 0   | loop:                     | 
289   ->   291 | 3   | push <rbx>                |  0  2  1 
292   ->   294 | 3   | push <rdx>                |  0  2  3 
295   ->   295 | 1   | sin                       |  9 
296   ->   298 | 3   | push <rcx>                |  0  2  2 
299   ->   299 | 1   | mul                       |  7 
300   ->   300 | 1   | add                       |  5 
301   ->   310 | 10  | pop <[0]>                 |  1  5  0  0  0  0  0  0  0  0 
311   ->   313 | 3   | push <rax>                |  0  2  0 
314   ->   316 | 3   | push <rdx>                |  0  2  3 
317   ->   317 | 1   | cos                       |  a 
318   ->   320 | 3   | push <rcx>                |  0  2  2 
321   ->   330 | 10  | push <2>                  |  0  1  0  0  0  0  0  0  0 40 
331   ->   331 | 1   | mul                       |  7 
332   ->   332 | 1   | mul                       |  7 
333   ->   333 | 1   | add                       |  5 
334   ->   343 | 10  | pop <[1]>                 |  1  5  0  0  0  0  0  0 f0 3f 
344   ->   371 | 28  | pixset <[1]><[0]><[2]>    | 1f  5  0  0  0  0  0  0 f0 3f  5  0  0  0  0  0  0  0  0  5  0  0  0  0  0  0  0 40 
372   ->   372 | 1   | rend                      | 1c 
373   ->   382 | 10  | slp <10000>               | 1d  1  0  0  0  0  0 88 c3 40 
383   ->   395 | 13  | mov <rdx><rdx+0.1>        | 1b  2  3  3 9a 99 99 99 99 99 b9 3f  3 
396   ->   398 | 3   | push <rdx>                |  0  2  3 
399   ->   408 | 10  | push <3.1415926535897>    |  0  1 46 2c 44 54 fb 21  9 40 
409   ->   418 | 10  | push <2>                  |  0  1  0  0  0  0  0  0  0 40 
419   ->   419 | 1   | mul                       |  7 
420   ->   424 | 5   | jbe <loop>                | 11 7d ff ff ff 
425   ->   425 | 1   | ret                       | 1a 
