SPUAssembly v2.3.0r donut.spus -> donut.spub
26    ->    35 | 10  | push <32>                 |  0  1  0  0  0  0  0  0 40 40 
36    ->    45 | 10  | push <16>                 |  0  1  0  0  0  0  0  0 30 40 
46    ->    55 | 10  | push <10>                 |  0  1  0  0  0  0  0  0 24 40 
56    ->    65 | 10  | push <35>                 |  0  1  0  0  0  0  0 80 41 40 
66    ->    70 | 5   | call <drawCircle>         | 19 c6  0  0  0 
71    ->    73 | 3   | out <rax>                 |  e  2  0 
74    ->    74 | 1   | clrscr                    | 21 
75    ->    77 | 3   | out <rax>                 |  e  2  0 
78    ->    87 | 10  | push <32>                 |  0  1  0  0  0  0  0  0 40 40 
88    ->    97 | 10  | push <16>                 |  0  1  0  0  0  0  0  0 30 40 
98    ->   107 | 10  | push <4>                  |  0  1  0  0  0  0  0  0 10 40 
108   ->   117 | 10  | push <42>                 |  0  1  0  0  0  0  0  0 45 40 
118   ->   122 | 5   | call <drawCircle>         | 19 92  0  0  0 
123   ->   123 | 1   | clrscr                    | 21 
124   ->   133 | 10  | push <16>                 |  0  1  0  0  0  0  0  0 30 40 
134   ->   143 | 10  | push <8>                  |  0  1  0  0  0  0  0  0 20 40 
144   ->   153 | 10  | push <2>                  |  0  1  0  0  0  0  0  0  0 40 
154   ->   163 | 10  | push <42>                 |  0  1  0  0  0  0  0  0 45 40 
164   ->   168 | 5   | call <drawCircle>         | 19 64  0  0  0 
169   ->   169 | 1   | clrscr                    | 21 
170   ->   170 | 1   | rend                      | 1c 
171   ->   180 | 10  | push <40>                 |  0  1  0  0  0  0  0  0 44 40 
181   ->   190 | 10  | push <25>                 |  0  1  0  0  0  0  0  0 39 40 
191   ->   200 | 10  | push <4>                  |  0  1  0  0  0  0  0  0 10 40 
201   ->   210 | 10  | push <48>                 |  0  1  0  0  0  0  0  0 48 40 
211   ->   215 | 5   | call <drawCircle>         | 19 35  0  0  0 
216   ->   216 | 1   | clrscr                    | 21 
217   ->   217 | 1   | rend                      | 1c 
218   ->   227 | 10  | push <60>                 |  0  1  0  0  0  0  0  0 4e 40 
228   ->   237 | 10  | push <13>                 |  0  1  0  0  0  0  0  0 2a 40 
238   ->   247 | 10  | push <8>                  |  0  1  0  0  0  0  0  0 20 40 
248   ->   257 | 10  | push <48>                 |  0  1  0  0  0  0  0  0 48 40 
258   ->   262 | 5   | call <drawCircle>         | 19  6  0  0  0 
263   ->   263 | 1   | hlt                       |  d 
x     ->     x | 0   | drawCircle:               | 
264   ->   273 | 10  | pop <[2]>                 |  1  5  0  0  0  0  0  0  0 40 
274   ->   276 | 3   | pop <rcx>                 |  1  2  2 
277   ->   279 | 3   | pop <rbx>                 |  1  2  1 
280   ->   282 | 3   | pop <rax>                 |  1  2  0 
283   ->   294 | 12  | mov <rdx><0>              | 1b  2  3  1  0  0  0  0  0  0  0  0 
x     ->     x | 0   | loop:                     | 
295   ->   297 | 3   | push <rbx>                |  0  2  1 
298   ->   300 | 3   | push <rdx>                |  0  2  3 
301   ->   301 | 1   | sin                       |  9 
302   ->   304 | 3   | push <rcx>                |  0  2  2 
305   ->   305 | 1   | mul                       |  7 
306   ->   306 | 1   | add                       |  5 
307   ->   316 | 10  | pop <[0]>                 |  1  5  0  0  0  0  0  0  0  0 
317   ->   319 | 3   | push <rax>                |  0  2  0 
320   ->   322 | 3   | push <rdx>                |  0  2  3 
323   ->   323 | 1   | cos                       |  a 
324   ->   326 | 3   | push <rcx>                |  0  2  2 
327   ->   336 | 10  | push <2>                  |  0  1  0  0  0  0  0  0  0 40 
337   ->   337 | 1   | mul                       |  7 
338   ->   338 | 1   | mul                       |  7 
339   ->   339 | 1   | add                       |  5 
340   ->   349 | 10  | pop <[1]>                 |  1  5  0  0  0  0  0  0 f0 3f 
350   ->   377 | 28  | pixset <[1]><[0]><[2]>    | 1f  5  0  0  0  0  0  0 f0 3f  5  0  0  0  0  0  0  0  0  5  0  0  0  0  0  0  0 40 
378   ->   378 | 1   | rend                      | 1c 
379   ->   388 | 10  | slp <10000>               | 1d  1  0  0  0  0  0 88 c3 40 
389   ->   401 | 13  | mov <rdx><rdx+0.1>        | 1b  2  3  3 9a 99 99 99 99 99 b9 3f  3 
402   ->   404 | 3   | push <rdx>                |  0  2  3 
405   ->   414 | 10  | push <3.1415926535897>    |  0  1 46 2c 44 54 fb 21  9 40 
415   ->   424 | 10  | push <2>                  |  0  1  0  0  0  0  0  0  0 40 
425   ->   425 | 1   | mul                       |  7 
426   ->   430 | 5   | jbe <loop>                | 11 7d ff ff ff 
431   ->   431 | 1   | ret                       | 1a 
