SPUAssembly v2.3.0r prog.spus -> output.spub
26    ->    35 | 10  | push <32>                 |  0  1  0  0  0  0  0  0 40 40 
36    ->    45 | 10  | push <16>                 |  0  1  0  0  0  0  0  0 30 40 
46    ->    55 | 10  | push <10>                 |  0  1  0  0  0  0  0  0 24 40 
56    ->    65 | 10  | push <35>                 |  0  1  0  0  0  0  0 80 41 40 
66    ->    70 | 5   | call <drawCircle>         | 19 33  0  0  0 
71    ->    80 | 10  | push <32>                 |  0  1  0  0  0  0  0  0 40 40 
81    ->    90 | 10  | push <16>                 |  0  1  0  0  0  0  0  0 30 40 
91    ->   100 | 10  | push <5>                  |  0  1  0  0  0  0  0  0 14 40 
101   ->   110 | 10  | push <35>                 |  0  1  0  0  0  0  0 80 41 40 
111   ->   115 | 5   | call <drawCircle>         | 19  6  0  0  0 
116   ->   116 | 1   | hlt                       |  d 
x     ->     x | 0   | drawCircle:               | 
117   ->   126 | 10  | pop <[2]>                 |  1  5  0  0  0  0  0  0  0 40 
127   ->   129 | 3   | pop <rcx>                 |  1  2  2 
130   ->   132 | 3   | pop <rbx>                 |  1  2  1 
133   ->   135 | 3   | pop <rax>                 |  1  2  0 
136   ->   147 | 12  | mov <rdx><0>              | 1b  2  3  1  0  0  0  0  0  0  0  0 
x     ->     x | 0   | loop:                     | 
148   ->   150 | 3   | push <rbx>                |  0  2  1 
151   ->   153 | 3   | push <rdx>                |  0  2  3 
154   ->   154 | 1   | sin                       |  9 
155   ->   157 | 3   | push <rcx>                |  0  2  2 
158   ->   158 | 1   | mul                       |  7 
159   ->   159 | 1   | add                       |  5 
160   ->   169 | 10  | pop <[0]>                 |  1  5  0  0  0  0  0  0  0  0 
170   ->   172 | 3   | push <rax>                |  0  2  0 
173   ->   175 | 3   | push <rdx>                |  0  2  3 
176   ->   176 | 1   | cos                       |  a 
177   ->   179 | 3   | push <rcx>                |  0  2  2 
180   ->   189 | 10  | push <2>                  |  0  1  0  0  0  0  0  0  0 40 
190   ->   190 | 1   | mul                       |  7 
191   ->   191 | 1   | mul                       |  7 
192   ->   192 | 1   | add                       |  5 
193   ->   202 | 10  | pop <[1]>                 |  1  5  0  0  0  0  0  0 f0 3f 
203   ->   230 | 28  | pixset <[1]><[0]><[2]>    | 1f  5  0  0  0  0  0  0 f0 3f  5  0  0  0  0  0  0  0  0  5  0  0  0  0  0  0  0 40 
231   ->   231 | 1   | rend                      | 1c 
232   ->   241 | 10  | slp <10000>               | 1d  1  0  0  0  0  0 88 c3 40 
242   ->   254 | 13  | mov <rdx><rdx+0.05>       | 1b  2  3  3 9a 99 99 99 99 99 a9 3f  3 
255   ->   257 | 3   | push <rdx>                |  0  2  3 
258   ->   267 | 10  | push <3.1415926535897>    |  0  1 46 2c 44 54 fb 21  9 40 
268   ->   277 | 10  | push <2>                  |  0  1  0  0  0  0  0  0  0 40 
278   ->   278 | 1   | mul                       |  7 
279   ->   283 | 5   | jbe <loop>                | 11 7d ff ff ff 
