SPUAssembly v2.3.0r prog.spus -> output.spub
26    ->    37 | 12  | mov <rex><0>              | 1b  2  4  1  0  0  0  0  0  0  0  0 
38    ->    42 | 5   | call <giveYouUp>          | 19  a  0  0  0 
43    ->    47 | 5   | jmp <end_label>           |  f  5  1  0  0 
x     ->     x | 0   | giveYouUp:                | 
48    ->    49 | 2   | in                        |  2  0 
50    ->    60 | 11  | pop <[rex+0]>             |  1  7  0  0  0  0  0  0  0  0  4 
61    ->    70 | 10  | push <1>                  |  0  1  0  0  0  0  0  0 f0 3f 
71    ->    80 | 10  | push <0>                  |  0  1  0  0  0  0  0  0  0  0 
81    ->    81 | 1   | gr                        | 22 
82    ->    91 | 10  | push <0>                  |  0  1  0  0  0  0  0  0  0  0 
92    ->    96 | 5   | jae <lbl_l2_c6_else__IAOLN> | 15 22  0  0  0 
97    ->   106 | 10  | out <122>                 |  e  1  0  0  0  0  0 80 5e 40 
107   ->   116 | 10  | push <1>                  |  0  1  0  0  0  0  0  0 f0 3f 
117   ->   118 | 2   | out                       |  e  0 
119   ->   120 | 2   | pop                       |  1  0 
121   ->   125 | 5   | jmp <lbl_l2_c6_cont__HBRCK> |  f 13  0  0  0 
x     ->     x | 0   | lbl_l2_c6_else__IAOLN:    | 
126   ->   135 | 10  | push <0>                  |  0  1  0  0  0  0  0  0  0  0 
136   ->   137 | 2   | out                       |  e  0 
138   ->   139 | 2   | pop                       |  1  0 
x     ->     x | 0   | lbl_l2_c6_cont__HBRCK:    | 
140   ->   140 | 1   | ret                       | 1a 
x     ->     x | 0   | fact:                     | 
141   ->   151 | 11  | push <[rex+0]>            |  0  7  0  0  0  0  0  0  0  0  4 
152   ->   153 | 2   | out                       |  e  0 
154   ->   155 | 2   | pop                       |  1  0 
156   ->   166 | 11  | push <[rex+0]>            |  0  7  0  0  0  0  0  0  0  0  4 
167   ->   176 | 10  | push <1>                  |  0  1  0  0  0  0  0  0 f0 3f 
177   ->   177 | 1   | leq                       | 25 
178   ->   187 | 10  | push <0>                  |  0  1  0  0  0  0  0  0  0  0 
188   ->   192 | 5   | jae <lbl_l11_c6_cont__AFMCD> | 15 18  0  0  0 
193   ->   202 | 10  | push <1>                  |  0  1  0  0  0  0  0  0 f0 3f 
203   ->   205 | 3   | pop <rax>                 |  1  2  0 
206   ->   206 | 1   | ret                       | 1a 
207   ->   211 | 5   | jmp <lbl_l11_c6_cont__AFMCD> |  f  5  0  0  0 
x     ->     x | 0   | lbl_l11_c6_cont__AFMCD:   | 
212   ->   222 | 11  | push <[rex+0]>            |  0  7  0  0  0  0  0  0  0  0  4 
223   ->   232 | 10  | push <1>                  |  0  1  0  0  0  0  0  0 f0 3f 
233   ->   233 | 1   | sub                       |  6 
234   ->   244 | 11  | pop <[rex+1]>             |  1  7  0  0  0  0  0  0 f0 3f  4 
245   ->   254 | 10  | push <1>                  |  0  1  0  0  0  0  0  0 f0 3f 
255   ->   257 | 3   | push <rex>                |  0  2  4 
258   ->   258 | 1   | add                       |  5 
259   ->   261 | 3   | pop <rex>                 |  1  2  4 
262   ->   266 | 5   | call <fact>               | 19 87 ff ff ff 
267   ->   269 | 3   | push <rex>                |  0  2  4 
270   ->   279 | 10  | push <1>                  |  0  1  0  0  0  0  0  0 f0 3f 
280   ->   280 | 1   | sub                       |  6 
281   ->   283 | 3   | pop <rex>                 |  1  2  4 
284   ->   286 | 3   | push <rax>                |  0  2  0 
287   ->   297 | 11  | push <[rex+0]>            |  0  7  0  0  0  0  0  0  0  0  4 
298   ->   298 | 1   | mul                       |  7 
299   ->   301 | 3   | pop <rax>                 |  1  2  0 
302   ->   302 | 1   | ret                       | 1a 
303   ->   303 | 1   | ret                       | 1a 
x     ->     x | 0   | end_label:                | 
304   ->   304 | 1   | hlt                       |  d 
